AsQdQsJd Jh8s7d6h Ah8h6s4c
AhQdTcTh KdQcQs4d JhTs7c4c
Kc6c6d2c KhQhJh7c
KhTd4c4h AcAdTh8c
Ts9s8s6d AsQsTh3h
QdQsJh7h KcTs7s2c
AcKh9h2c Kd5d5h3c
KhQdQs4s Ac6h3c2d
AsKhQhJh AcAh9c9h 6h4c3c2h
AcAh6c4c AsKcKhJd
QhTs9d7h KhTcTd9s
JcJs5d5s AdAs9c6c KcKsQh8h
2c2d3c3d 4c4d5c5d 6c6d7c7h
Qc8dAd6c KsAsTcTs Js2dKd8c 7dQsAc5d Jh2h3c9c
4d3h2hQh 4c8s9d5d
AcAs5h2c KcQcJd7d
KdKs7h5d AhJc5h4c
Td9s8d4c AsJcJs3c
8h7d5s2d AcKhTs8c
KdTdTs2s AsKcKs9d
8h7d5s2d AcKhTs8c
AcKhTc2d AhAsJs6h
Ac7c5c2c Kh6h3h3s
Tc9d9h3h 6c5d4d2c
Ad8h7c4d AsTs8d2h
Ad9c7s4d KcKhQsJh
JcTh9h6s JsTs9s7h As7d5s2d
Ac7c4h3h AdAhQd6d
Kh8d7s6h AhJh9h6d QdTdTs2h
JhTh7s6s QdQh4d3d
JdJs9d6s KdQd9c5c
