AdAc KhTc
7h7c KdQc
KhJc KdQs
4d5d=6s7c
3cKh KdQh
7s3c 8h3d 9c7d AsKd 9h9s TcJd=Ts3s 4dQs
Ac4d=Ad4s 5d6d As9s KhKd
KdKs 9hJh
7c8h Qc4h
8s8h AhAs
9s8d JsTd
TsTh AdAc
Qh7s QcJh
3cJs Td9c
Td9c TcJs
Js4d 2cQh
7dJc KsQh
JdTd AcAh 6h6d 2cJc
JdTd AcAh 6h6d 2cJc
9s5s 7c7d
9s4s 7c7d
5c4d TcQs
5c4d=TcQs
KhKd Ac2c
Ac2c=KhAd
2d3s 3d6s
ThJs TcQh
Kh9s TsKd
QhQd KhTc Ah3s
4c4h Ac9d
4c4h=8c9d
6dKd=Ad5d
6s6d JsJd
6s6d JsJd
6s6h=JsJd
As8h 6sJd
As8h 6sJd
8sJd Qh7h
Qh7h Qc9d
9c7h=Jc9d
Ac4d=Ad4s 5d6d As9s KhKd
KdKs 9hJh
KcKs=QsQc
8s8h AhAs
KcKs=KdQs
7cAc=Js5s
7c8c 8s8h
Jh9h As5d 7d8s
7s7d=TcKs
Ad9s Ah5d
Ad9s=Ah5d
AdQs AhKd
AdAc AhAs
3h3s AdQs
3h3s AsQs
8s9s 7sTs
KhJc KdQs
7h7c KcQc
7h7c QdAc
AdAc 7h7c
Ad9d=As3s
AdQs Ah3h
8s9s 6sTs
2s6s=3s7s
KhJc KdQs
