Error: Invalid Input
Error: Invalid Input
Error: Invalid Input
Error: Invalid Input
Error: Invalid Input
Error: Invalid Input
Error: Invalid Input
Error: Invalid Input
Error: Invalid Input
Error: Invalid Input
Error: Invalid Input
Error: Invalid Input
Error: Invalid Input
Error: Invalid Input
Error: Invalid Data (Cards contain duplicates)
Error: Invalid Data (Cards contain duplicates)
Error: Invalid Data (Cards contain duplicates)
